src/routes/common/files.ts(34,30): error TS2339: Property 'UPLOAD_MAX_SIZE' does not exist on type '{ readonly NODE_ENV: string; readonly PORT: number; readonly API_VERSION: string; readonly DATABASE_URL: string; readonly JWT_SECRET: string; readonly JWT_REFRESH_SECRET: string; readonly JWT_EXPIRES_IN: string; ... 13 more ...; readonly SUPER_ADMIN_PASSWORD: string; }'.
src/routes/mandator/leases.ts(177,9): error TS2353: Object literal may only specify known properties, and 'rent' does not exist in type '(Without<LeaseCreateInput, LeaseUncheckedCreateInput> & LeaseUncheckedCreateInput) | (Without<...> & LeaseCreateInput)'.
src/routes/tenant/profile.ts(86,11): error TS2304: Cannot find name 'createAuditLog'.
src/routes/tenant/tasks.ts(131,13): error TS2353: Object literal may only specify known properties, and 'assignedToId' does not exist in type 'TaskWhereInput'.
src/routes/tenant/tasks.ts(132,13): error TS2353: Object literal may only specify known properties, and 'assignedToType' does not exist in type 'TaskWhereInput'.
src/routes/tenant/tasks.ts(145,14): error TS2304: Cannot find name 'sendError'.
src/routes/tenant/tasks.ts(179,13): error TS2353: Object literal may only specify known properties, and 'assignedToId' does not exist in type 'TaskWhereInput'.
src/routes/tenant/tasks.ts(180,13): error TS2353: Object literal may only specify known properties, and 'assignedToType' does not exist in type 'TaskWhereInput'.
src/routes/tenant/tasks.ts(186,14): error TS2304: Cannot find name 'sendError'.
src/routes/tenant/tasks.ts(192,25): error TS2339: Property 'completedAt' does not exist on type '{ id: string; mandatorId: string; createdAt: Date; updatedAt: Date; tenantId: string | null; unitId: string | null; title: string; description: string | null; dueDate: Date | null; isRecurring: boolean; recurrence: string | null; priority: TaskPriority; }'.
src/routes/tenant/tasks.ts(194,29): error TS2339: Property 'completedAt' does not exist on type '{ id: string; mandatorId: string; createdAt: Date; updatedAt: Date; tenantId: string | null; unitId: string | null; title: string; description: string | null; dueDate: Date | null; isRecurring: boolean; recurrence: string | null; priority: TaskPriority; }'.
src/utils/auth.ts(32,14): error TS2769: No overload matches this call.
  Overload 1 of 5, '(payload: string | object | Buffer<ArrayBufferLike>, secretOrPrivateKey: null, options?: (SignOptions & { algorithm: "none"; }) | undefined): string', gave the following error.
    Argument of type 'string' is not assignable to parameter of type 'null'.
  Overload 2 of 5, '(payload: string | object | Buffer<ArrayBufferLike>, secretOrPrivateKey: Buffer<ArrayBufferLike> | Secret | PrivateKeyInput | JsonWebKeyInput, options?: SignOptions | undefined): string', gave the following error.
    Type 'string' is not assignable to type 'number | StringValue | undefined'.
  Overload 3 of 5, '(payload: string | object | Buffer<ArrayBufferLike>, secretOrPrivateKey: Buffer<ArrayBufferLike> | Secret | PrivateKeyInput | JsonWebKeyInput, callback: SignCallback): void', gave the following error.
    Object literal may only specify known properties, and 'expiresIn' does not exist in type 'SignCallback'.
src/utils/auth.ts(41,14): error TS2769: No overload matches this call.
  Overload 1 of 5, '(payload: string | object | Buffer<ArrayBufferLike>, secretOrPrivateKey: null, options?: (SignOptions & { algorithm: "none"; }) | undefined): string', gave the following error.
    Argument of type 'string' is not assignable to parameter of type 'null'.
  Overload 2 of 5, '(payload: string | object | Buffer<ArrayBufferLike>, secretOrPrivateKey: Buffer<ArrayBufferLike> | Secret | PrivateKeyInput | JsonWebKeyInput, options?: SignOptions | undefined): string', gave the following error.
    Type 'string' is not assignable to type 'number | StringValue | undefined'.
  Overload 3 of 5, '(payload: string | object | Buffer<ArrayBufferLike>, secretOrPrivateKey: Buffer<ArrayBufferLike> | Secret | PrivateKeyInput | JsonWebKeyInput, callback: SignCallback): void', gave the following error.
    Object literal may only specify known properties, and 'expiresIn' does not exist in type 'SignCallback'.
